
Running 1 test using 1 worker

  Γ£ÿ  1 [chromium] ΓÇ║ tests\drag-and-drop.spec.ts:3:1 ΓÇ║ drag and drop inline button to inventory (3.5s)


  1) [chromium] ΓÇ║ tests\drag-and-drop.spec.ts:3:1 ΓÇ║ drag and drop inline button to inventory ΓöÇΓöÇΓöÇΓöÇΓöÇΓöÇΓöÇ

    Error: page.goto: net::ERR_CONNECTION_REFUSED at http://localhost:5173/
    Call log:
    [2m  - navigating to "http://localhost:5173/", waiting until "load"[22m


      3 | test('drag and drop inline button to inventory', async ({ page }) => {
      4 |     // Navigate to the app
    > 5 |     await page.goto('/');
        |                ^
      6 |
      7 |     // We need to simulate the message log having an inline button.
      8 |     // Since we don't have a mock server yet, we might need to inject one or wait for the real game.
        at C:\Users\pwetz\Downloads\mume app\tests\drag-and-drop.spec.ts:5:16

  1 failed
    [chromium] ΓÇ║ tests\drag-and-drop.spec.ts:3:1 ΓÇ║ drag and drop inline button to inventory ΓöÇΓöÇΓöÇΓöÇΓöÇΓöÇΓöÇΓöÇ
