src/components/Drawers/EquipmentDrawer.tsx(431,55): error TS2304: Cannot find name 'handleSectionScroll'.
