src/components/Mapper/hooks/useRoomInfoHandler.ts(215,88): error TS2448: Block-scoped variable 'predX' used before its declaration.
src/components/Mapper/hooks/useRoomInfoHandler.ts(215,130): error TS2448: Block-scoped variable 'predY' used before its declaration.
src/components/Mapper/useMapperController.ts(204,33): error TS2741: Property 'notes' is missing in type '{ id: string; gmcpId: number; name: any; desc: any; x: any; y: any; z: any; zone: any; terrain: any; exits: {}; createdAt: number; }' but required in type 'MapperRoom'.
src/components/Mapper/useMapperController.ts(220,37): error TS2322: Type '{ [x: string]: MapperExit | { target: string; gmcpDestId: number; }; }' is not assignable to type 'Record<string, MapperExit>'.
  'string' index signatures are incompatible.
    Type 'MapperExit | { target: string; gmcpDestId: number; }' is not assignable to type 'MapperExit'.
      Property 'closed' is missing in type '{ target: string; gmcpDestId: number; }' but required in type 'MapperExit'.
src/hooks/useGameParser.ts(520,18): error TS2367: This comparison appears to be unintentional because the types '"none" | "stat" | "inv" | "eq" | "shop" | "who" | "where"' and '"container"' have no overlap.
